// Jest Snapshot v1, https://goo.gl/fbAQLP

exports[`Should ReviewsPanel render correctly 1`] = `
<div>
  <div
    class="movie-card__reviews movie-card__row"
  >
    <div
      class="movie-card__reviews-col"
    >
      <div
        class="review"
      >
        There are no reviews yet
      </div>
    </div>
  </div>
</div>
`;
