// Jest Snapshot v1, https://goo.gl/fbAQLP

exports[`Should Toast render correctly 1`] = `
<div>
  <div
    class="toast"
  >
    <p
      class="toast__item"
    >
      test
    </p>
  </div>
</div>
`;

exports[`Should Toast render correctly 2`] = `
<div>
  <div
    class="toast"
  >
    <p
      class="toast__item"
    >
      test
    </p>
  </div>
</div>
`;
